// Vitest Snapshot v1

exports[`Layout > renders correctly 1`] = `
<div
  class="container_c184xznc"
>
  <div>
    Header
  </div>
  <div>
    Content
  </div>
  <div>
    Footer
  </div>
</div>
`;
